WARNING: An illegal reflective access operation has occurred
WARNING: Illegal reflective access by clojure.lang.InjectedInvoker/0x00000008000ab840 (file:/Users/loconnor/.m2/repository/org/clojure/clojure/1.12.4/clojure-1.12.4.jar) to method sun.management.GarbageCollectorImpl.getCollectionCount()
WARNING: Please consider reporting this to the maintainers of clojure.lang.InjectedInvoker/0x00000008000ab840
WARNING: Use --illegal-access=warn to enable warnings of further illegal reflective access operations
WARNING: All illegal access operations will be denied in a future release
{:id :core-evaluator, :params {:iterations 100, :evals 4}, :status :ok, :wall-ms {:n 5, :mean 8.494683599999998, :median 8.518167, :min 8.032334, :max 8.906208, :sd 0.3277324977573932, :cv 0.03858089520337088}}
{:id :core-evaluator, :params {:iterations 100, :evals 20}, :status :ok, :wall-ms {:n 5, :mean 35.686758399999995, :median 35.267958, :min 35.056, :max 36.468084, :sd 0.6945376658643513, :cv 0.019462055311371497}}
{:id :core-evaluator, :params {:iterations 1000, :evals 4}, :status :ok, :wall-ms {:n 5, :mean 68.82625820000001, :median 67.197041, :min 66.962125, :max 75.690292, :sd 3.8388305141077397, :cv 0.055775667812023214}}
{:id :core-evaluator, :params {:iterations 1000, :evals 20}, :status :ok, :wall-ms {:n 5, :mean 338.1865832, :median 335.672792, :min 334.0795, :max 347.450083, :sd 5.37467642177701, :cv 0.01589263645801845}}
{:id :core-evaluator, :params {:iterations 10000, :evals 4}, :status :ok, :wall-ms {:n 5, :mean 670.5018001999999, :median 668.547375, :min 666.133667, :max 681.228792, :sd 6.079070727084187, :cv 0.009066449523731179}}
{:id :core-evaluator, :params {:iterations 10000, :evals 20}, :status :ok, :wall-ms {:n 5, :mean 3365.7264497999995, :median 3346.568416, :min 3344.566041, :max 3428.089458, :sd 35.65125736894112, :cv 0.01059244056244072}}
{:id :core-parse-expand, :params {:forms 4}, :status :ok, :wall-ms {:n 5, :mean 0.1729916, :median 0.14875, :min 0.124583, :max 0.311458, :sd 0.07814871350380632, :cv 0.4517486022662738}}
{:id :core-parse-expand, :params {:forms 20}, :status :ok, :wall-ms {:n 5, :mean 0.44580000000000003, :median 0.374875, :min 0.321042, :max 0.663833, :sd 0.13795174433112473, :cv 0.30944760953594597}}
{:id :core-parse-expand, :params {:forms 100}, :status :ok, :wall-ms {:n 5, :mean 1.5372002, :median 1.474, :min 1.289417, :max 2.046, :sd 0.29820488742842555, :cv 0.19399222523417936}}
{:id :core-parse-expand, :params {:forms 1000}, :status :ok, :wall-ms {:n 5, :mean 12.9537834, :median 12.96975, :min 10.79425, :max 14.755959, :sd 1.7822445600889907, :cv 0.13758486652548094}}
{:id :core-parse-expand, :params {:forms 5000}, :status :ok, :wall-ms {:n 5, :mean 52.074149999999996, :median 51.275125, :min 48.58675, :max 55.291625, :sd 2.6347133202697783, :cv 0.05059541673305812}}
{:id :core-serial-self-calls, :params {:padding 0, :calls 4}, :status :ok, :wall-ms {:n 5, :mean 6.87665, :median 6.28625, :min 5.288167, :max 9.963167, :sd 1.909951927180106, :cv 0.2777445307206425}}
{:id :core-serial-self-calls, :params {:padding 0, :calls 20}, :status :ok, :wall-ms {:n 5, :mean 9.7077584, :median 9.82025, :min 8.622625, :max 10.864708, :sd 0.8960189274213466, :cv 0.09229926111689662}}
{:id :core-serial-self-calls, :params {:padding 0, :calls 100}, :status :ok, :wall-ms {:n 5, :mean 32.8612664, :median 32.184708, :min 29.748041, :max 38.208083, :sd 3.174942699158806, :cv 0.09661656554900168}}
{:id :core-trace-log, :params {:mode :off, :calls 4, :padding 0}, :status :ok, :wall-ms {:n 5, :mean 4.5384418, :median 4.459208, :min 4.213709, :max 4.804375, :sd 0.2531142760803903, :cv 0.05577118474459456}}
{:id :core-trace-log, :params {:mode :off, :calls 4, :padding 1024}, :status :ok, :wall-ms {:n 5, :mean 5.4354081999999995, :median 4.307792, :min 3.936083, :max 8.733541, :sd 1.996007095669427, :cv 0.36722303500028336}}
{:id :core-trace-log, :params {:mode :off, :calls 20, :padding 0}, :status :ok, :wall-ms {:n 5, :mean 6.5000586, :median 6.680417, :min 4.860916, :max 7.612667, :sd 1.002376267913053, :cv 0.15421034325952893}}
{:id :core-trace-log, :params {:mode :off, :calls 20, :padding 1024}, :status :ok, :wall-ms {:n 5, :mean 6.320625199999999, :median 6.325167, :min 5.264625, :max 7.22525, :sd 0.7356230630249437, :cv 0.11638454104586739}}
{:id :core-trace-log, :params {:mode :trace, :calls 4, :padding 0}, :status :ok, :wall-ms {:n 5, :mean 17.1137584, :median 15.68225, :min 13.856709, :max 25.94975, :sd 5.005728907404925, :cv 0.2924973457265194}}
{:id :core-trace-log, :params {:mode :trace, :calls 4, :padding 1024}, :status :ok, :wall-ms {:n 5, :mean 24.1892086, :median 23.437459, :min 22.602625, :max 28.177708, :sd 2.300987566266124, :cv 0.09512454931105617}}
{:id :core-trace-log, :params {:mode :trace, :calls 20, :padding 0}, :status :ok, :wall-ms {:n 5, :mean 58.4454918, :median 56.130625, :min 54.951417, :max 66.043334, :sd 4.499357502469737, :cv 0.07698382482376061}}
{:id :core-trace-log, :params {:mode :trace, :calls 20, :padding 1024}, :status :ok, :wall-ms {:n 5, :mean 107.01891659999998, :median 105.654583, :min 104.320625, :max 113.537, :sd 3.7012172616370833, :cv 0.03458470127735421}}
{:id :core-trace-log, :params {:mode :verbose, :calls 4, :padding 0}, :status :ok, :wall-ms {:n 5, :mean 1010.9858250000001, :median 960.268917, :min 695.851458, :max 1448.847833, :sd 293.554006418444, :cv 0.29036411704233733}}
{:id :core-trace-log, :params {:mode :verbose, :calls 4, :padding 1024}, :status :ok, :wall-ms {:n 5, :mean 927.1939166, :median 831.73225, :min 604.322292, :max 1484.167208, :sd 339.88941347361947, :cv 0.3665785628965153}}
{:id :core-trace-log, :params {:mode :verbose, :calls 20, :padding 0}, :status :ok, :wall-ms {:n 5, :mean 4980.768858400001, :median 4816.831125, :min 4246.440917, :max 6440.298583, :sd 869.2693745265065, :cv 0.17452513843530304}}
{:id :core-trace-log, :params {:mode :verbose, :calls 20, :padding 1024}, :status :ok, :wall-ms {:n 5, :mean 5195.121808000001, :median 5351.469541, :min 4798.579458, :max 5427.779542, :sd 283.1481947277203, :cv 0.054502705652001965}}
{:id :core-trace-log, :params {:mode :both, :calls 4, :padding 0}, :status :ok, :wall-ms {:n 5, :mean 1211.2210084, :median 1377.870125, :min 483.589958, :max 1619.920875, :sd 436.47452667839315, :cv 0.36035911171567914}}
{:id :core-trace-log, :params {:mode :both, :calls 4, :padding 1024}, :status :ok, :wall-ms {:n 5, :mean 881.46215, :median 930.640083, :min 262.272459, :max 1355.2445, :sd 446.3834054937052, :cv 0.5064124483322457}}
{:id :core-trace-log, :params {:mode :both, :calls 20, :padding 0}, :status :ok, :wall-ms {:n 5, :mean 5526.310833599999, :median 5635.741042, :min 4743.103917, :max 5975.087125, :sd 463.0258975983827, :cv 0.08378571375015369}}
{:id :core-trace-log, :params {:mode :both, :calls 20, :padding 1024}, :status :ok, :wall-ms {:n 5, :mean 4979.570849999999, :median 4921.389292, :min 4308.047792, :max 5797.800292, :sd 558.3306128911445, :cv 0.11212424317471947}}
{:id :core-trace-log, :params {:mode :held-trace, :calls 4, :prompt-chars 1000}, :status :ok, :wall-ms {:n 5, :mean 0.31571699999999997, :median 0.29625, :min 0.291084, :max 0.385209, :sd 0.03997291131503934, :cv 0.12660994281283347}}
{:id :core-trace-log, :params {:mode :held-trace, :calls 4, :prompt-chars 100000}, :status :ok, :wall-ms {:n 5, :mean 12.8856918, :median 13.278125, :min 10.790125, :max 14.468584, :sd 1.3649555451192175, :cv 0.10592799876830963}}
{:id :core-trace-log, :params {:mode :held-trace, :calls 20, :prompt-chars 1000}, :status :ok, :wall-ms {:n 5, :mean 1.1765164, :median 1.305583, :min 0.821291, :max 1.3885, :sd 0.24996780467152166, :cv 0.21246436060859133}}
{:id :core-trace-log, :params {:mode :held-trace, :calls 20, :prompt-chars 100000}, :status :ok, :wall-ms {:n 5, :mean 53.9266334, :median 51.469417, :min 50.275541, :max 60.844042, :sd 4.469062457908405, :cv 0.0828730105356142}}
{:id :core-provider-local-boundaries, :params {:mode :json, :chars 10000}, :status :ok, :wall-ms {:n 5, :mean 3.0134502000000003, :median 3.073917, :min 2.0715, :max 3.507292, :sd 0.5606427668905576, :cv 0.1860468000734034}}
{:id :core-provider-local-boundaries, :params {:mode :json, :chars 100000}, :status :ok, :wall-ms {:n 5, :mean 8.4740334, :median 8.382208, :min 8.173959, :max 8.864125, :sd 0.26231932269144775, :cv 0.030955663060219678}}
{:id :core-provider-local-boundaries, :params {:mode :json, :chars 1000000}, :status :ok, :wall-ms {:n 5, :mean 65.4172502, :median 63.302292, :min 62.690458, :max 73.864542, :sd 4.752598029182165, :cv 0.07265053200267603}}
{:id :core-provider-local-boundaries, :params {:events 100, :mode :sse}, :status :ok, :wall-ms {:n 5, :mean 0.9352664, :median 0.956375, :min 0.662333, :max 1.271833, :sd 0.25754915974392156, :cv 0.2753751869455821}}
{:id :core-provider-local-boundaries, :params {:events 1000, :mode :sse}, :status :ok, :wall-ms {:n 5, :mean 3.6167831999999995, :median 3.781708, :min 2.55325, :max 4.695958, :sd 0.8200497764643316, :cv 0.2267345680173287}}
{:id :core-provider-local-boundaries, :params {:events 10000, :mode :sse}, :status :ok, :wall-ms {:n 5, :mean 17.454791999999998, :median 17.772584, :min 14.573792, :max 21.473458, :sd 2.880939627039415, :cv 0.16505150144667524}}
{:id :core-provider-local-boundaries, :params {:mode :read-lines, :lines 1000}, :status :ok, :wall-ms {:n 5, :mean 1.6557333999999997, :median 1.73575, :min 1.189125, :max 1.92875, :sd 0.284192254033779, :cv 0.17164131256504161}}
{:id :core-provider-local-boundaries, :params {:mode :read-lines, :lines 10000}, :status :ok, :wall-ms {:n 5, :mean 4.9531, :median 4.621125, :min 4.079958, :max 6.40225, :sd 0.8864348854791875, :cv 0.17896567512854322}}
{:id :core-provider-local-boundaries, :params {:mode :read-lines, :lines 100000}, :status :ok, :wall-ms {:n 5, :mean 26.787758200000003, :median 25.523292, :min 24.879291, :max 32.323, :sd 3.143151495826792, :cv 0.11733536910254744}}
{:id :lifecycle-coordinator, :params {:agents 4, :cycles 1, :mailbox-batch 16}, :status :ok, :wall-ms {:n 5, :mean 0.8200251999999999, :median 0.764375, :min 0.521292, :max 1.171292, :sd 0.2636317959611473, :cv 0.3214923101889397}}
{:id :lifecycle-coordinator, :params {:agents 4, :cycles 1, :mailbox-batch 256}, :status :ok, :wall-ms {:n 5, :mean 2.5932584000000003, :median 2.675292, :min 2.102458, :max 3.180875, :sd 0.43989274791964916, :cv 0.1696293542979169}}
{:id :lifecycle-coordinator, :params {:agents 4, :cycles 10, :mailbox-batch 16}, :status :ok, :wall-ms {:n 5, :mean 2.8868084, :median 2.637791, :min 1.948042, :max 4.036167, :sd 0.9623492709634065, :cv 0.33336097780628826}}
{:id :lifecycle-coordinator, :params {:agents 4, :cycles 10, :mailbox-batch 256}, :status :ok, :wall-ms {:n 5, :mean 21.385366800000003, :median 21.641875, :min 14.622917, :max 30.9415, :sd 6.120348725100818, :cv 0.2861933013513155}}
{:id :lifecycle-coordinator, :params {:agents 20, :cycles 1, :mailbox-batch 16}, :status :ok, :wall-ms {:n 5, :mean 0.8363417999999999, :median 0.779083, :min 0.714292, :max 1.096959, :sd 0.15319802407570404, :cv 0.18317633302042785}}
{:id :lifecycle-coordinator, :params {:agents 20, :cycles 1, :mailbox-batch 256}, :status :ok, :wall-ms {:n 5, :mean 9.8614918, :median 9.84975, :min 9.239125, :max 10.499709, :sd 0.44611801539021023, :cv 0.04523839034072008}}
{:id :lifecycle-coordinator, :params {:agents 20, :cycles 10, :mailbox-batch 16}, :status :ok, :wall-ms {:n 5, :mean 7.552158399999999, :median 7.399709, :min 7.127, :max 8.0855, :sd 0.3877931622247871, :cv 0.05134865315123517}}
{:id :lifecycle-coordinator, :params {:agents 20, :cycles 10, :mailbox-batch 256}, :status :ok, :wall-ms {:n 5, :mean 77.3238834, :median 76.746833, :min 75.62725, :max 80.241042, :sd 1.7996253007741054, :cv 0.023273860825956724}}
{:id :lifecycle-spawn-return, :params {:agents 4, :cycles 1}, :status :ok, :wall-ms {:n 5, :mean 0.24972499999999997, :median 0.185292, :min 0.161125, :max 0.514833, :sd 0.15003164858289067, :cv 0.6007874605381547}}
{:id :lifecycle-spawn-return, :params {:agents 4, :cycles 10}, :status :ok, :wall-ms {:n 5, :mean 1.8148664, :median 1.577791, :min 1.451, :max 2.642375, :sd 0.49382383052238377, :cv 0.27209927437214315}}
{:id :lifecycle-spawn-return, :params {:agents 4, :cycles 100}, :status :ok, :wall-ms {:n 5, :mean 11.121208200000002, :median 10.192917, :min 9.133875, :max 14.657291, :sd 2.3222473309828997, :cv 0.20881250393126347}}
{:id :lifecycle-spawn-return, :params {:agents 20, :cycles 1}, :status :ok, :wall-ms {:n 5, :mean 0.5836832000000001, :median 0.549375, :min 0.50075, :max 0.714708, :sd 0.0867630782170619, :cv 0.14864755096096974}}
{:id :lifecycle-spawn-return, :params {:agents 20, :cycles 10}, :status :ok, :wall-ms {:n 5, :mean 4.4828168, :median 4.219167, :min 3.900916, :max 5.154792, :sd 0.5590900827636811, :cv 0.12471847673179084}}
{:id :lifecycle-spawn-return, :params {:agents 20, :cycles 100}, :status :ok, :wall-ms {:n 5, :mean 34.840433, :median 34.336333, :min 34.032333, :max 37.010583, :sd 1.2261702966480617, :cv 0.035193887993529294}}
{:id :lifecycle-dormant-wake, :params {:agents 4, :cycles 1}, :status :ok, :wall-ms {:n 5, :mean 0.9436834000000001, :median 0.767083, :min 0.706458, :max 1.604667, :sd 0.3764081016812736, :cv 0.3988711698025774}}
{:id :lifecycle-dormant-wake, :params {:agents 4, :cycles 10}, :status :ok, :wall-ms {:n 5, :mean 8.739758400000001, :median 6.764916, :min 5.767417, :max 15.370625, :sd 4.0513262786794035, :cv 0.46355128977929216}}
{:id :lifecycle-dormant-wake, :params {:agents 4, :cycles 100}, :status :ok, :wall-ms {:n 5, :mean 113.6555332, :median 110.381291, :min 101.141083, :max 126.911083, :sd 10.383472950789406, :cv 0.09135915039453096}}
{:id :lifecycle-dormant-wake, :params {:agents 20, :cycles 1}, :status :ok, :wall-ms {:n 5, :mean 1.4284583999999998, :median 1.37625, :min 1.324208, :max 1.621, :sd 0.126292433353309, :cv 0.08841169848090012}}
{:id :lifecycle-dormant-wake, :params {:agents 20, :cycles 10}, :status :ok, :wall-ms {:n 5, :mean 14.0299084, :median 13.76525, :min 13.009792, :max 15.829166, :sd 1.0587783649887739, :cv 0.07546580738822029}}
{:id :lifecycle-dormant-wake, :params {:agents 20, :cycles 100}, :status :ok, :wall-ms {:n 5, :mean 300.8929334, :median 296.525417, :min 283.014, :max 319.181792, :sd 17.394907440832274, :cv 0.057810953697965024}}
{:id :lifecycle-api-cleanup, :params {:cycles 1}, :status :ok, :wall-ms {:n 5, :mean 2.1208914, :median 1.750791, :min 1.72275, :max 3.302208, :sd 0.6790512107060114, :cv 0.3201725513649644}}
{:id :lifecycle-api-cleanup, :params {:cycles 10}, :status :ok, :wall-ms {:n 5, :mean 20.1237918, :median 19.325667, :min 17.177125, :max 24.041959, :sd 2.627873697912572, :cv 0.13058541471854088}}
{:id :lifecycle-api-cleanup, :params {:cycles 100}, :status :ok, :wall-ms {:n 5, :mean 161.5674164, :median 161.459333, :min 150.022208, :max 173.620291, :sd 10.000454144924083, :cv 0.06189647868209695}}
{:id :context-render-edit, :params {:operations 20, :payload-chars 64}, :status :ok, :wall-ms {:n 5, :mean 2.2894834, :median 2.304125, :min 1.682625, :max 2.764042, :sd 0.41861459535866635, :cv 0.18284238066922273}}
{:id :context-render-edit, :params {:operations 20, :payload-chars 8192}, :status :ok, :wall-ms {:n 5, :mean 2.5252418000000003, :median 2.443125, :min 1.977291, :max 3.454167, :sd 0.6072446842971949, :cv 0.2404699163055177}}
{:id :context-render-edit, :params {:operations 100, :payload-chars 64}, :status :ok, :wall-ms {:n 5, :mean 10.5950668, :median 9.883625, :min 7.290292, :max 15.327375, :sd 3.0659741466606825, :cv 0.2893775192300517}}
{:id :context-render-edit, :params {:operations 100, :payload-chars 8192}, :status :ok, :wall-ms {:n 5, :mean 9.554291599999999, :median 8.877041, :min 8.701209, :max 12.058666, :sd 1.427354348198022, :cv 0.14939405326481997}}
{:id :context-pruned-storage, :params {:cycles 20, :payload-chars 8192}, :status :ok, :wall-ms {:n 5, :mean 5.930683200000001, :median 5.919875, :min 5.754667, :max 6.127291, :sd 0.13286683161421411, :cv 0.022403292695555563}}
{:id :context-pruned-storage, :params {:cycles 100, :payload-chars 8192}, :status :ok, :wall-ms {:n 5, :mean 32.034566600000005, :median 31.4135, :min 29.614125, :max 34.76325, :sd 1.9460443223826633, :cv 0.06074826441955556}}
{:id :globals-contention, :params {:workers 4, :total-updates 2000}, :status :ok, :wall-ms {:n 5, :mean 1.0279666, :median 1.040333, :min 0.908833, :max 1.112291, :sd 0.08290179046799892, :cv 0.0806463852697149}}
{:id :globals-contention, :params {:workers 20, :total-updates 2000}, :status :ok, :wall-ms {:n 5, :mean 1.4873, :median 1.369458, :min 1.156834, :max 2.0005, :sd 0.3447578953352628, :cv 0.23180118021600402}}
{:id :board-post-digest, :params {:posts 20, :retention 8, :page-size 3, :body-chars 1024}, :status :ok, :wall-ms {:n 5, :mean 14.780707999999999, :median 14.905125, :min 14.204125, :max 15.515916, :sd 0.5327443671232016, :cv 0.036043223851198576}}
{:id :board-post-digest, :params {:posts 60, :retention 20, :page-size 7, :body-chars 1024}, :status :ok, :wall-ms {:n 5, :mean 34.257449799999996, :median 33.62375, :min 33.370041, :max 36.051208, :sd 1.1173931692050931, :cv 0.0326175233629064}}
{:id :board-captured-snapshot, :params {:capture :board, :posts 20, :retention 8, :page-size 3, :body-chars 8000}, :status :ok, :wall-ms {:n 5, :mean 24.940558200000005, :median 24.985875, :min 24.430375, :max 25.475041, :sd 0.45150514808659664, :cv 0.018103249512939793}}
{:id :board-captured-snapshot, :params {:capture :receipt, :posts 20, :retention 8, :page-size 3, :body-chars 8000}, :status :ok, :wall-ms {:n 5, :mean 24.7977338, :median 24.419584, :min 23.950292, :max 26.469167, :sd 0.9762121292868156, :cv 0.0393669896273673}}
{:id :board-captured-snapshot, :params {:capture :board, :posts 60, :retention 8, :page-size 3, :body-chars 8000}, :status :ok, :wall-ms {:n 5, :mean 64.2604998, :median 63.895875, :min 63.594875, :max 65.464666, :sd 0.7723585923479428, :cv 0.012019181219439297}}
{:id :board-captured-snapshot, :params {:capture :receipt, :posts 60, :retention 8, :page-size 3, :body-chars 8000}, :status :ok, :wall-ms {:n 5, :mean 63.6423832, :median 63.687416, :min 61.842041, :max 66.2515, :sd 1.6508496874472522, :cv 0.02593946996389746}}
