WARNING: An illegal reflective access operation has occurred
WARNING: Illegal reflective access by clojure.lang.InjectedInvoker/0x00000008000ab840 (file:/Users/loconnor/.m2/repository/org/clojure/clojure/1.12.4/clojure-1.12.4.jar) to method sun.management.GarbageCollectorImpl.getCollectionCount()
WARNING: Please consider reporting this to the maintainers of clojure.lang.InjectedInvoker/0x00000008000ab840
WARNING: Use --illegal-access=warn to enable warnings of further illegal reflective access operations
WARNING: All illegal access operations will be denied in a future release
{:id :core-evaluator, :params {:iterations 100, :evals 4}, :status :ok, :wall-ms {:n 5, :mean 8.4901418, :median 8.576458, :min 8.13425, :max 8.794542, :sd 0.3041828209205773, :cv 0.03582776684843795}}
{:id :core-evaluator, :params {:iterations 100, :evals 20}, :status :ok, :wall-ms {:n 5, :mean 35.834916799999995, :median 35.592292, :min 35.11575, :max 37.351792, :sd 0.8942193152293249, :cv 0.02495385492926064}}
{:id :core-evaluator, :params {:iterations 1000, :evals 4}, :status :ok, :wall-ms {:n 5, :mean 69.88671660000001, :median 69.357625, :min 68.673916, :max 72.740375, :sd 1.621578670741662, :cv 0.023202959727280443}}
{:id :core-evaluator, :params {:iterations 1000, :evals 20}, :status :ok, :wall-ms {:n 5, :mean 346.629483, :median 345.574208, :min 345.405166, :max 350.618041, :sd 2.2467443054015956, :cv 0.006481688418297631}}
{:id :core-evaluator, :params {:iterations 10000, :evals 4}, :status :ok, :wall-ms {:n 5, :mean 692.6246834000001, :median 692.382417, :min 690.09225, :max 696.159917, :sd 2.2014840391225095, :cv 0.003178466046453506}}
{:id :core-evaluator, :params {:iterations 10000, :evals 20}, :status :ok, :wall-ms {:n 5, :mean 3477.4788584000003, :median 3467.948792, :min 3458.609333, :max 3523.869083, :sd 26.28732250940605, :cv 0.007559304766413716}}
{:id :core-parse-expand, :params {:forms 4}, :status :ok, :wall-ms {:n 5, :mean 0.1864916, :median 0.156875, :min 0.138167, :max 0.304, :sd 0.06910845767559858, :cv 0.3705714234614244}}
{:id :core-parse-expand, :params {:forms 20}, :status :ok, :wall-ms {:n 5, :mean 0.4048084, :median 0.398917, :min 0.332166, :max 0.484125, :sd 0.07354876625953695, :cv 0.1816878460514578}}
{:id :core-parse-expand, :params {:forms 100}, :status :ok, :wall-ms {:n 5, :mean 1.4214579999999999, :median 1.410291, :min 1.220083, :max 1.795083, :sd 0.22943383633849648, :cv 0.16140739743171906}}
{:id :core-parse-expand, :params {:forms 1000}, :status :ok, :wall-ms {:n 5, :mean 12.3406666, :median 11.718792, :min 10.265208, :max 14.962625, :sd 1.8895792650507677, :cv 0.15311808723936904}}
{:id :core-parse-expand, :params {:forms 5000}, :status :ok, :wall-ms {:n 5, :mean 54.099767, :median 53.247709, :min 52.147042, :max 59.243167, :sd 2.9157130572030754, :cv 0.05389511302706859}}
{:id :core-serial-self-calls, :params {:padding 0, :calls 4}, :status :ok, :wall-ms {:n 5, :mean 8.5836668, :median 7.96625, :min 6.524042, :max 10.402167, :sd 1.6478252694587194, :cv 0.19197218483116324}}
{:id :core-serial-self-calls, :params {:padding 0, :calls 20}, :status :ok, :wall-ms {:n 5, :mean 9.2993834, :median 8.865167, :min 8.280666, :max 10.983125, :sd 1.0456681983035057, :cv 0.11244489589530265}}
{:id :core-serial-self-calls, :params {:padding 0, :calls 100}, :status :ok, :wall-ms {:n 5, :mean 33.1744248, :median 32.588459, :min 31.263208, :max 37.098333, :sd 2.277678711820917, :cv 0.06865767004409123}}
{:id :core-trace-log, :params {:mode :off, :calls 4, :padding 0}, :status :ok, :wall-ms {:n 5, :mean 4.4133667999999995, :median 4.541417, :min 4.092709, :max 4.666791, :sd 0.2678932921560373, :cv 0.06070043671784483}}
{:id :core-trace-log, :params {:mode :off, :calls 4, :padding 1024}, :status :ok, :wall-ms {:n 5, :mean 5.2159084, :median 4.982542, :min 4.64375, :max 6.52875, :sd 0.7599368192588773, :cv 0.1456959672180741}}
{:id :core-trace-log, :params {:mode :off, :calls 20, :padding 0}, :status :ok, :wall-ms {:n 5, :mean 5.739950200000001, :median 5.607458, :min 5.404584, :max 6.153709, :sd 0.345550475365322, :cv 0.06020095354926981}}
{:id :core-trace-log, :params {:mode :off, :calls 20, :padding 1024}, :status :ok, :wall-ms {:n 5, :mean 6.8474086, :median 6.677292, :min 6.140209, :max 8.17525, :sd 0.7745736935468441, :cv 0.11311924536631919}}
{:id :core-trace-log, :params {:mode :trace, :calls 4, :padding 0}, :status :ok, :wall-ms {:n 5, :mean 23.6675166, :median 17.147083, :min 10.08675, :max 50.539875, :sd 16.648280128955975, :cv 0.7034231943437604}}
{:id :core-trace-log, :params {:mode :trace, :calls 4, :padding 1024}, :status :ok, :wall-ms {:n 5, :mean 5.7410414, :median 5.723375, :min 5.278666, :max 6.173333, :sd 0.34094857837700393, :cv 0.05938793236659187}}
{:id :core-trace-log, :params {:mode :trace, :calls 20, :padding 0}, :status :ok, :wall-ms {:n 5, :mean 11.2662252, :median 11.141625, :min 10.783459, :max 11.7555, :sd 0.3856042667829284, :cv 0.034226571894100645}}
{:id :core-trace-log, :params {:mode :trace, :calls 20, :padding 1024}, :status :ok, :wall-ms {:n 5, :mean 13.722641399999997, :median 12.10675, :min 10.862542, :max 18.986958, :sd 3.3692904979496507, :cv 0.24552783970217654}}
{:id :core-trace-log, :params {:mode :verbose, :calls 4, :padding 0}, :status :ok, :wall-ms {:n 5, :mean 3.9563919999999997, :median 3.854042, :min 3.595584, :max 4.639, :sd 0.3995515903103128, :cv 0.10098887832912229}}
{:id :core-trace-log, :params {:mode :verbose, :calls 4, :padding 1024}, :status :ok, :wall-ms {:n 5, :mean 4.190083400000001, :median 4.106583, :min 3.630209, :max 5.148875, :sd 0.5851547143767195, :cv 0.13965228338336164}}
{:id :core-trace-log, :params {:mode :verbose, :calls 20, :padding 0}, :status :ok, :wall-ms {:n 5, :mean 6.0362914000000005, :median 5.822333, :min 5.761292, :max 6.593083, :sd 0.3541136851059275, :cv 0.05866411371490904}}
{:id :core-trace-log, :params {:mode :verbose, :calls 20, :padding 1024}, :status :ok, :wall-ms {:n 5, :mean 8.836358399999998, :median 7.174042, :min 6.389625, :max 14.956959, :sd 3.5232666584479237, :cv 0.3987238293150179}}
{:id :core-trace-log, :params {:mode :both, :calls 4, :padding 0}, :status :ok, :wall-ms {:n 5, :mean 5.7791166, :median 5.367625, :min 4.795458, :max 7.662, :sd 1.1916974075516402, :cv 0.2062075382856335}}
{:id :core-trace-log, :params {:mode :both, :calls 4, :padding 1024}, :status :ok, :wall-ms {:n 5, :mean 5.7597418000000005, :median 5.80375, :min 5.249125, :max 6.244542, :sd 0.424690514909622, :cv 0.0737342974140997}}
{:id :core-trace-log, :params {:mode :both, :calls 20, :padding 0}, :status :ok, :wall-ms {:n 5, :mean 10.89225, :median 10.68575, :min 10.420625, :max 11.767584, :sd 0.5240730229085445, :cv 0.04811430355606459}}
{:id :core-trace-log, :params {:mode :both, :calls 20, :padding 1024}, :status :ok, :wall-ms {:n 5, :mean 11.9224416, :median 11.991875, :min 11.331208, :max 12.466958, :sd 0.42363557156747345, :cv 0.03553261871859145}}
{:id :core-trace-log, :params {:mode :held-trace, :calls 4, :prompt-chars 1000}, :status :ok, :wall-ms {:n 5, :mean 0.133583, :median 0.124375, :min 0.115166, :max 0.171083, :sd 0.021934540717781174, :cv 0.16420158790999734}}
{:id :core-trace-log, :params {:mode :held-trace, :calls 4, :prompt-chars 100000}, :status :ok, :wall-ms {:n 5, :mean 12.109116799999999, :median 11.691334, :min 10.25175, :max 14.222625, :sd 1.8898157297212081, :cv 0.15606552987590377}}
{:id :core-trace-log, :params {:mode :held-trace, :calls 20, :prompt-chars 1000}, :status :ok, :wall-ms {:n 5, :mean 0.5879748000000001, :median 0.56925, :min 0.56525, :max 0.665208, :sd 0.04326088336129997, :cv 0.07357608414731373}}
{:id :core-trace-log, :params {:mode :held-trace, :calls 20, :prompt-chars 100000}, :status :ok, :wall-ms {:n 5, :mean 51.317999799999996, :median 51.258708, :min 50.433958, :max 52.580875, :sd 0.7893795226579549, :cv 0.015382117887181466}}
{:id :core-provider-local-boundaries, :params {:mode :json, :chars 10000}, :status :ok, :wall-ms {:n 5, :mean 2.295975, :median 2.287709, :min 1.449541, :max 3.197583, :sd 0.6742400645615774, :cv 0.29366176224112955}}
{:id :core-provider-local-boundaries, :params {:mode :json, :chars 100000}, :status :ok, :wall-ms {:n 5, :mean 6.813325000000001, :median 6.774833, :min 6.510542, :max 7.370667, :sd 0.3456825801244547, :cv 0.050736252875718486}}
{:id :core-provider-local-boundaries, :params {:mode :json, :chars 1000000}, :status :ok, :wall-ms {:n 5, :mean 63.5396746, :median 63.492208, :min 63.353791, :max 63.905, :sd 0.22153660819896126, :cv 0.0034865870748252347}}
{:id :core-provider-local-boundaries, :params {:events 100, :mode :sse}, :status :ok, :wall-ms {:n 5, :mean 0.9418918, :median 0.892292, :min 0.615833, :max 1.392042, :sd 0.3414918150376375, :cv 0.362559494665563}}
{:id :core-provider-local-boundaries, :params {:events 1000, :mode :sse}, :status :ok, :wall-ms {:n 5, :mean 2.5376916, :median 2.4625, :min 2.402291, :max 2.762125, :sd 0.15614179554750876, :cv 0.061529066631858954}}
{:id :core-provider-local-boundaries, :params {:events 10000, :mode :sse}, :status :ok, :wall-ms {:n 5, :mean 15.9998086, :median 15.38025, :min 15.161292, :max 17.223208, :sd 0.9901494252883246, :cv 0.06188507938078238}}
{:id :core-provider-local-boundaries, :params {:mode :read-lines, :lines 1000}, :status :ok, :wall-ms {:n 5, :mean 1.08415, :median 1.036458, :min 0.838417, :max 1.564625, :sd 0.28654467749637225, :cv 0.2643035350240947}}
{:id :core-provider-local-boundaries, :params {:mode :read-lines, :lines 10000}, :status :ok, :wall-ms {:n 5, :mean 4.878933600000001, :median 4.791208, :min 3.472792, :max 5.755209, :sd 0.9200388670889398, :cv 0.18857376273555754}}
{:id :core-provider-local-boundaries, :params {:mode :read-lines, :lines 100000}, :status :ok, :wall-ms {:n 5, :mean 30.121666800000003, :median 29.491417, :min 28.827292, :max 32.7975, :sd 1.55813084071868, :cv 0.05172790905178859}}
{:id :lifecycle-coordinator, :params {:agents 4, :cycles 1, :mailbox-batch 16}, :status :ok, :wall-ms {:n 5, :mean 0.5710746, :median 0.508041, :min 0.306708, :max 1.050833, :sd 0.28185022603379256, :cv 0.4935436211552616}}
{:id :lifecycle-coordinator, :params {:agents 4, :cycles 1, :mailbox-batch 256}, :status :ok, :wall-ms {:n 5, :mean 3.5516583999999995, :median 3.577166, :min 3.030375, :max 4.117, :sd 0.4942378563690767, :cv 0.13915692352875964}}
{:id :lifecycle-coordinator, :params {:agents 4, :cycles 10, :mailbox-batch 16}, :status :ok, :wall-ms {:n 5, :mean 2.6244500000000004, :median 2.658333, :min 2.4085, :max 2.8365, :sd 0.20708635564541666, :cv 0.07890657305165526}}
{:id :lifecycle-coordinator, :params {:agents 4, :cycles 10, :mailbox-batch 256}, :status :ok, :wall-ms {:n 5, :mean 19.128833399999998, :median 19.103875, :min 14.781916, :max 24.445917, :sd 3.477585048886124, :cv 0.18179807289691405}}
{:id :lifecycle-coordinator, :params {:agents 20, :cycles 1, :mailbox-batch 16}, :status :ok, :wall-ms {:n 5, :mean 1.1803998, :median 1.200541, :min 0.917208, :max 1.447791, :sd 0.24026913847121525, :cv 0.20354894881481278}}
{:id :lifecycle-coordinator, :params {:agents 20, :cycles 1, :mailbox-batch 256}, :status :ok, :wall-ms {:n 5, :mean 9.1039666, :median 8.612333, :min 8.38325, :max 11.177042, :sd 1.1716245992306153, :cv 0.1286938595788143}}
{:id :lifecycle-coordinator, :params {:agents 20, :cycles 10, :mailbox-batch 16}, :status :ok, :wall-ms {:n 5, :mean 6.7848086, :median 6.576375, :min 6.361292, :max 7.643917, :sd 0.5335352439832819, :cv 0.0786367420863253}}
{:id :lifecycle-coordinator, :params {:agents 20, :cycles 10, :mailbox-batch 256}, :status :ok, :wall-ms {:n 5, :mean 77.6443168, :median 77.897417, :min 75.872667, :max 79.205583, :sd 1.2714819252790028, :cv 0.016375724298716515}}
{:id :lifecycle-spawn-return, :params {:agents 4, :cycles 1}, :status :ok, :wall-ms {:n 5, :mean 0.37215, :median 0.310208, :min 0.276125, :max 0.631833, :sd 0.147902971009713, :cv 0.3974283783681661}}
{:id :lifecycle-spawn-return, :params {:agents 4, :cycles 10}, :status :ok, :wall-ms {:n 5, :mean 1.6121750000000001, :median 1.488542, :min 1.355, :max 2.239834, :sd 0.360502355796741, :cv 0.22361242160233286}}
{:id :lifecycle-spawn-return, :params {:agents 4, :cycles 100}, :status :ok, :wall-ms {:n 5, :mean 11.234524799999999, :median 10.279208, :min 9.402167, :max 15.685166, :sd 2.543084082247518, :cv 0.22636329773801542}}
{:id :lifecycle-spawn-return, :params {:agents 20, :cycles 1}, :status :ok, :wall-ms {:n 5, :mean 0.5755084, :median 0.50075, :min 0.469792, :max 0.872667, :sd 0.17018441518629135, :cv 0.2957114356389782}}
{:id :lifecycle-spawn-return, :params {:agents 20, :cycles 10}, :status :ok, :wall-ms {:n 5, :mean 3.9104079999999994, :median 3.914208, :min 3.679541, :max 4.147417, :sd 0.1657627265732559, :cv 0.04239013590736719}}
{:id :lifecycle-spawn-return, :params {:agents 20, :cycles 100}, :status :ok, :wall-ms {:n 5, :mean 37.3457918, :median 37.959917, :min 33.502125, :max 39.97725, :sd 2.3987246768682513, :cv 0.06423011968026479}}
{:id :lifecycle-dormant-wake, :params {:agents 4, :cycles 1}, :status :ok, :wall-ms {:n 5, :mean 1.16415, :median 0.991916, :min 0.934792, :max 1.718417, :sd 0.3275484518975781, :cv 0.28136275557065504}}
{:id :lifecycle-dormant-wake, :params {:agents 4, :cycles 10}, :status :ok, :wall-ms {:n 5, :mean 8.8824416, :median 6.056458, :min 5.616542, :max 17.045125, :sd 4.930107826801184, :cv 0.5550397119189824}}
{:id :lifecycle-dormant-wake, :params {:agents 4, :cycles 100}, :status :ok, :wall-ms {:n 5, :mean 96.2372914, :median 95.575625, :min 94.212625, :max 99.734541, :sd 2.1320310371884323, :cv 0.02215389695795649}}
{:id :lifecycle-dormant-wake, :params {:agents 20, :cycles 1}, :status :ok, :wall-ms {:n 5, :mean 1.731925, :median 1.71425, :min 1.559375, :max 1.89325, :sd 0.13357048700966848, :cv 0.07712255843045657}}
{:id :lifecycle-dormant-wake, :params {:agents 20, :cycles 10}, :status :ok, :wall-ms {:n 5, :mean 12.660050199999999, :median 11.996375, :min 11.339666, :max 14.904792, :sd 1.4026267422417487, :cv 0.11079156244117806}}
{:id :lifecycle-dormant-wake, :params {:agents 20, :cycles 100}, :status :ok, :wall-ms {:n 5, :mean 264.99033359999993, :median 263.319833, :min 260.069709, :max 275.370417, :sd 6.117325598569743, :cv 0.023085089616150984}}
{:id :lifecycle-api-cleanup, :params {:cycles 1}, :status :ok, :wall-ms {:n 5, :mean 1.829542, :median 1.587667, :min 1.559167, :max 2.744459, :sd 0.5141689841452906, :cv 0.28103699403746435}}
{:id :lifecycle-api-cleanup, :params {:cycles 10}, :status :ok, :wall-ms {:n 5, :mean 17.744925000000002, :median 16.616167, :min 15.504666, :max 20.252792, :sd 2.22651789155084, :cv 0.12547350251132872}}
{:id :lifecycle-api-cleanup, :params {:cycles 100}, :status :ok, :wall-ms {:n 5, :mean 158.7366916, :median 160.093083, :min 151.717167, :max 167.144208, :sd 6.1952410639485835, :cv 0.039028412407384354}}
{:id :context-render-edit, :params {:operations 20, :payload-chars 64}, :status :ok, :wall-ms {:n 5, :mean 1.7407086, :median 1.787708, :min 1.428084, :max 2.125834, :sd 0.2694777661028827, :cv 0.15480923464322674}}
{:id :context-render-edit, :params {:operations 20, :payload-chars 8192}, :status :ok, :wall-ms {:n 5, :mean 2.6799502000000004, :median 2.840417, :min 2.254084, :max 2.933875, :sd 0.296861714142629, :cv 0.11077135468510907}}
{:id :context-render-edit, :params {:operations 100, :payload-chars 64}, :status :ok, :wall-ms {:n 5, :mean 7.671274800000001, :median 7.132792, :min 6.648166, :max 8.985791, :sd 1.1838445518786243, :cv 0.1543217500015283}}
{:id :context-render-edit, :params {:operations 100, :payload-chars 8192}, :status :ok, :wall-ms {:n 5, :mean 8.978091800000001, :median 9.400625, :min 7.860375, :max 9.799167, :sd 0.806175375502564, :cv 0.08979362134641616}}
{:id :context-pruned-storage, :params {:cycles 20, :payload-chars 8192}, :status :ok, :wall-ms {:n 5, :mean 7.127408399999998, :median 6.817084, :min 5.645875, :max 10.300416, :sd 1.9080696259356733, :cv 0.26770875455034593}}
{:id :context-pruned-storage, :params {:cycles 100, :payload-chars 8192}, :status :ok, :wall-ms {:n 5, :mean 29.9933496, :median 29.614166, :min 28.736416, :max 31.865541, :sd 1.2180628708044186, :cv 0.040611098361765456}}
{:id :globals-contention, :params {:workers 4, :total-updates 2000}, :status :ok, :wall-ms {:n 5, :mean 0.9229336, :median 0.96975, :min 0.657542, :max 1.103792, :sd 0.1668844218397871, :cv 0.18081953223914168}}
{:id :globals-contention, :params {:workers 20, :total-updates 2000}, :status :ok, :wall-ms {:n 5, :mean 1.739058, :median 1.595291, :min 1.456708, :max 2.081291, :sd 0.2921862289636525, :cv 0.16801407944050886}}
{:id :board-post-digest, :params {:posts 20, :retention 8, :page-size 3, :body-chars 1024}, :status :ok, :wall-ms {:n 5, :mean 14.614499599999998, :median 14.214, :min 13.581541, :max 17.035333, :sd 1.4088233538257386, :cv 0.09639901415616986}}
{:id :board-post-digest, :params {:posts 60, :retention 20, :page-size 7, :body-chars 1024}, :status :ok, :wall-ms {:n 5, :mean 33.1959002, :median 31.663334, :min 30.97025, :max 38.68525, :sd 3.1951032367767414, :cv 0.09624993500783996}}
{:id :board-captured-snapshot, :params {:capture :board, :posts 20, :retention 8, :page-size 3, :body-chars 8000}, :status :ok, :wall-ms {:n 5, :mean 21.2409918, :median 20.215875, :min 20.004209, :max 25.331166, :sd 2.2976602514122266, :cv 0.10817104366154064}}
{:id :board-captured-snapshot, :params {:capture :receipt, :posts 20, :retention 8, :page-size 3, :body-chars 8000}, :status :ok, :wall-ms {:n 5, :mean 21.0616586, :median 21.321334, :min 19.674083, :max 22.166584, :sd 1.0793003855856351, :cv 0.05124479539259245}}
{:id :board-captured-snapshot, :params {:capture :board, :posts 60, :retention 8, :page-size 3, :body-chars 8000}, :status :ok, :wall-ms {:n 5, :mean 52.533358199999995, :median 52.486792, :min 51.168958, :max 53.514375, :sd 0.9450363396312845, :cv 0.017989261909231696}}
{:id :board-captured-snapshot, :params {:capture :receipt, :posts 60, :retention 8, :page-size 3, :body-chars 8000}, :status :ok, :wall-ms {:n 5, :mean 52.535799600000004, :median 52.575208, :min 50.700791, :max 55.524333, :sd 1.8730365758615863, :cv 0.03565257576971544}}
